base referer
rect $class_xaml_drawable.html 135,5 244,32
rect $class_xaml_drawable_attributes_1_1_glyphs_attribute_consumer.html 26,56 354,83
rect $class_xaml_drawable_attributes_1_1_bidi_level_1_1_provider.html 46,107 334,133
rect $class_xaml_drawable_attributes_1_1_caret_stops_1_1_provider.html 40,157 339,184
rect $class_xaml_drawable_attributes_1_1_device_font_name_1_1_provider.html 22,208 358,235
rect $class_xaml_drawable_attributes_1_1_fill_1_1_provider.html 64,259 315,285
rect $class_xaml_drawable_attributes_1_1_font_rendering_em_size_1_1_provider.html 6,309 374,336
rect $class_xaml_drawable_attributes_1_1_font_uri_1_1_provider.html 51,360 328,387
rect $class_xaml_drawable_attributes_1_1_origin_x_1_1_provider.html 51,411 328,437
rect $class_xaml_drawable_attributes_1_1_origin_y_1_1_provider.html 51,461 328,488
rect $class_xaml_drawable_attributes_1_1_indices_1_1_provider.html 52,512 327,539
rect $class_xaml_drawable_attributes_1_1_is_sideways_1_1_provider.html 40,563 339,589
rect $class_xaml_drawable_attributes_1_1_unicode_string_1_1_provider.html 31,613 348,640
rect $class_xaml_drawable_attributes_1_1_style_simulations_1_1_provider.html 24,664 355,691
rect $class_xaml_drawable_attributes_1_1_render_transform_1_1_provider.html 22,715 358,741
rect $class_xaml_drawable_attributes_1_1_clip_1_1_provider.html 62,765 318,792
rect $class_xaml_drawable_attributes_1_1_opacity_1_1_provider.html 51,816 328,843
rect $class_xaml_drawable_attributes_1_1_opacity_mask_1_1_provider.html 35,867 344,893
rect $class_xaml_drawable_attributes_1_1_name_1_1_provider.html 56,917 323,944
rect $class_xaml_drawable_attributes_1_1_navigate_uri_1_1_provider.html 38,968 342,995
