base referer
rect $class_xaml_drawable.html 135,17 244,44
rect $class_xaml_drawable_attributes_1_1_glyphs_attribute_consumer.html 26,68 354,95
rect $class_xaml_drawable_attributes_1_1_bidi_level_1_1_provider.html 46,119 334,145
rect $class_xaml_drawable_attributes_1_1_caret_stops_1_1_provider.html 40,169 339,196
rect $class_xaml_drawable_attributes_1_1_device_font_name_1_1_provider.html 22,220 358,247
rect $class_xaml_drawable_attributes_1_1_fill_1_1_provider.html 64,271 315,297
rect $class_xaml_drawable_attributes_1_1_font_rendering_em_size_1_1_provider.html 6,321 374,348
rect $class_xaml_drawable_attributes_1_1_font_uri_1_1_provider.html 51,372 328,399
rect $class_xaml_drawable_attributes_1_1_origin_x_1_1_provider.html 51,423 328,449
rect $class_xaml_drawable_attributes_1_1_origin_y_1_1_provider.html 51,473 328,500
rect $class_xaml_drawable_attributes_1_1_indices_1_1_provider.html 52,524 327,551
rect $class_xaml_drawable_attributes_1_1_is_sideways_1_1_provider.html 40,575 339,601
rect $class_xaml_drawable_attributes_1_1_unicode_string_1_1_provider.html 31,625 348,652
rect $class_xaml_drawable_attributes_1_1_style_simulations_1_1_provider.html 24,676 355,703
rect $class_xaml_drawable_attributes_1_1_render_transform_1_1_provider.html 22,727 358,753
rect $class_xaml_drawable_attributes_1_1_clip_1_1_provider.html 62,777 318,804
rect $class_xaml_drawable_attributes_1_1_opacity_1_1_provider.html 51,828 328,855
rect $class_xaml_drawable_attributes_1_1_opacity_mask_1_1_provider.html 35,879 344,905
rect $class_xaml_drawable_attributes_1_1_name_1_1_provider.html 56,929 323,956
rect $class_xaml_drawable_attributes_1_1_navigate_uri_1_1_provider.html 38,980 342,1007
rect $class_xaml_drawable_attributes_1_1_origin_y.html 80,1031 299,1057
rect $class_xaml_drawable_attributes_1_1_font_rendering_em_size.html 35,1081 344,1108
rect $class_xaml_drawable_attributes_1_1_caret_stops.html 70,1132 310,1159
rect $class_xaml_drawable_attributes_1_1_fill.html 94,1183 286,1209
rect $class_xaml_drawable_attributes_1_1_opacity_mask.html 64,1233 315,1260
rect $class_xaml_drawable_attributes_1_1_font_uri.html 80,1284 299,1311
rect $class_xaml_drawable_attributes_1_1_render_transform.html 51,1335 328,1361
rect $class_xaml_drawable_attributes_1_1_clip.html 91,1385 288,1412
rect $class_xaml_drawable_attributes_1_1_device_font_name.html 51,1436 328,1463
rect $class_xaml_drawable_attributes_1_1_indices.html 82,1487 298,1513
rect $class_xaml_drawable_attributes_1_1_opacity.html 80,1537 299,1564
rect $class_xaml_drawable_attributes_1_1_is_sideways.html 70,1588 310,1615
rect $class_xaml_drawable_attributes_1_1_navigate_uri.html 67,1639 312,1665
rect $class_xaml_drawable_attributes_1_1_name.html 84,1689 295,1716
rect $class_xaml_drawable_attributes_1_1_style_simulations.html 52,1740 327,1767
rect $class_xaml_drawable_attributes_1_1_unicode_string.html 60,1791 319,1817
rect $class_xaml_drawable_attributes_1_1_bidi_level.html 75,1841 304,1868
rect $class_xaml_drawable_attributes_1_1_origin_x.html 80,1892 299,1919
