base referer
rect $class_xaml_drawable_attributes_1_1_path_attribute_provider.html 350,5 651,32
rect $class_xaml_drawable_attributes_1_1_data_1_1_provider.html 370,56 631,83
rect $class_xaml_drawable_attributes_1_1_name_1_1_provider.html 7,128 274,155
rect $class_w_t___x_a_m_l___file.html 442,157 559,184
rect $class_xaml_drawable_attributes_1_1_fill_1_1_provider.html 375,208 626,235
rect $class_xaml_drawable_attributes_1_1_render_transform_1_1_provider.html 332,259 668,285
rect $class_xaml_drawable_attributes_1_1_clip_1_1_provider.html 372,309 628,336
rect $class_xaml_drawable_attributes_1_1_opacity_1_1_provider.html 362,360 639,387
rect $class_xaml_drawable_attributes_1_1_opacity_mask_1_1_provider.html 346,411 655,437
rect $class_xaml_drawable_attributes_1_1_stroke_1_1_provider.html 364,461 636,488
rect $class_xaml_drawable_attributes_1_1_stroke_dash_array_1_1_provider.html 334,512 667,539
rect $class_xaml_drawable_attributes_1_1_stroke_dash_cap_1_1_provider.html 338,563 663,589
rect $class_xaml_drawable_attributes_1_1_stroke_dash_offset_1_1_provider.html 331,613 670,640
rect $class_xaml_drawable_attributes_1_1_stroke_end_line_cap_1_1_provider.html 328,664 672,691
rect $class_xaml_drawable_attributes_1_1_stroke_start_line_cap_1_1_provider.html 326,715 675,741
rect $class_xaml_drawable_attributes_1_1_stroke_line_join_1_1_provider.html 340,765 660,792
rect $class_xaml_drawable_attributes_1_1_stroke_miter_limit_1_1_provider.html 335,816 666,843
rect $class_xaml_drawable_attributes_1_1_stroke_thickness_1_1_provider.html 335,867 666,893
rect $class_xaml_drawable_attributes_1_1_navigate_uri_1_1_provider.html 348,917 652,944
