base referer
rect $class_xaml_drawable_attributes_1_1_path_attribute_provider.html 30,6 331,32
rect $class_xaml_drawable_attributes_1_1_data_1_1_provider.html 50,56 311,83
rect $class_xaml_drawable_attributes_1_1_name_1_1_provider.html 47,107 314,134
rect $class_xaml_drawable_attributes_1_1_fill_1_1_provider.html 55,158 306,184
rect $class_xaml_drawable_attributes_1_1_render_transform_1_1_provider.html 12,208 348,235
rect $class_xaml_drawable_attributes_1_1_clip_1_1_provider.html 52,259 308,286
rect $class_xaml_drawable_attributes_1_1_opacity_1_1_provider.html 42,310 319,336
rect $class_xaml_drawable_attributes_1_1_opacity_mask_1_1_provider.html 26,360 335,387
rect $class_xaml_drawable_attributes_1_1_stroke_1_1_provider.html 44,411 316,438
rect $class_xaml_drawable_attributes_1_1_stroke_dash_array_1_1_provider.html 14,462 347,488
rect $class_xaml_drawable_attributes_1_1_stroke_dash_cap_1_1_provider.html 18,512 343,539
rect $class_xaml_drawable_attributes_1_1_stroke_dash_offset_1_1_provider.html 11,563 350,590
rect $class_xaml_drawable_attributes_1_1_stroke_end_line_cap_1_1_provider.html 8,614 352,640
rect $class_xaml_drawable_attributes_1_1_stroke_start_line_cap_1_1_provider.html 6,664 355,691
rect $class_xaml_drawable_attributes_1_1_stroke_line_join_1_1_provider.html 20,715 340,742
rect $class_xaml_drawable_attributes_1_1_stroke_miter_limit_1_1_provider.html 15,766 346,792
rect $class_xaml_drawable_attributes_1_1_stroke_thickness_1_1_provider.html 15,816 346,843
rect $class_xaml_drawable_attributes_1_1_navigate_uri_1_1_provider.html 28,867 332,894
