base referer
rect $class_xaml_drawable_attributes_1_1_glyphs_attribute_provider.html 351,5 668,32
rect $class_xaml_drawable_attributes_1_1_bidi_level_1_1_provider.html 365,56 653,83
rect $class_xaml_drawable_attributes_1_1_caret_stops_1_1_provider.html 360,107 659,133
rect $class_xaml_drawable_attributes_1_1_device_font_name_1_1_provider.html 341,157 677,184
rect $class_xaml_drawable_attributes_1_1_fill_1_1_provider.html 384,208 635,235
rect $class_xaml_drawable_attributes_1_1_font_rendering_em_size_1_1_provider.html 325,259 693,285
rect $class_xaml_drawable_attributes_1_1_font_uri_1_1_provider.html 371,309 648,336
rect $class_xaml_drawable_attributes_1_1_origin_x_1_1_provider.html 371,360 648,387
rect $class_xaml_drawable_attributes_1_1_origin_y_1_1_provider.html 371,411 648,437
rect $class_xaml_drawable_attributes_1_1_indices_1_1_provider.html 372,461 647,488
rect $class_xaml_drawable_attributes_1_1_is_sideways_1_1_provider.html 360,512 659,539
rect $class_xaml_drawable_attributes_1_1_unicode_string_1_1_provider.html 351,563 668,589
rect $class_xaml_drawable_attributes_1_1_style_simulations_1_1_provider.html 344,613 675,640
rect $class_xaml_drawable_attributes_1_1_render_transform_1_1_provider.html 341,664 677,691
rect $class_xaml_drawable_attributes_1_1_clip_1_1_provider.html 381,715 637,741
rect $class_xaml_drawable_attributes_1_1_opacity_1_1_provider.html 371,765 648,792
rect $class_xaml_drawable_attributes_1_1_opacity_mask_1_1_provider.html 355,816 664,843
rect $class_xaml_drawable_attributes_1_1_name_1_1_provider.html 7,888 273,915
rect $class_w_t___x_a_m_l___file.html 451,917 568,944
rect $class_xaml_drawable_attributes_1_1_navigate_uri_1_1_provider.html 357,968 661,995
