base referer
rect $class_xaml_drawable_attributes_1_1_glyphs_attribute_provider.html 31,5 348,32
rect $class_xaml_drawable_attributes_1_1_bidi_level_1_1_provider.html 45,56 333,83
rect $class_xaml_drawable_attributes_1_1_caret_stops_1_1_provider.html 40,107 339,133
rect $class_xaml_drawable_attributes_1_1_device_font_name_1_1_provider.html 21,157 357,184
rect $class_xaml_drawable_attributes_1_1_fill_1_1_provider.html 64,208 315,235
rect $class_xaml_drawable_attributes_1_1_font_rendering_em_size_1_1_provider.html 5,259 373,285
rect $class_xaml_drawable_attributes_1_1_font_uri_1_1_provider.html 51,309 328,336
rect $class_xaml_drawable_attributes_1_1_origin_x_1_1_provider.html 51,360 328,387
rect $class_xaml_drawable_attributes_1_1_origin_y_1_1_provider.html 51,411 328,437
rect $class_xaml_drawable_attributes_1_1_indices_1_1_provider.html 52,461 327,488
rect $class_xaml_drawable_attributes_1_1_is_sideways_1_1_provider.html 40,512 339,539
rect $class_xaml_drawable_attributes_1_1_unicode_string_1_1_provider.html 31,563 348,589
rect $class_xaml_drawable_attributes_1_1_style_simulations_1_1_provider.html 24,613 355,640
rect $class_xaml_drawable_attributes_1_1_render_transform_1_1_provider.html 21,664 357,691
rect $class_xaml_drawable_attributes_1_1_clip_1_1_provider.html 61,715 317,741
rect $class_xaml_drawable_attributes_1_1_opacity_1_1_provider.html 51,765 328,792
rect $class_xaml_drawable_attributes_1_1_opacity_mask_1_1_provider.html 35,816 344,843
rect $class_xaml_drawable_attributes_1_1_name_1_1_provider.html 56,867 323,893
rect $class_xaml_drawable_attributes_1_1_navigate_uri_1_1_provider.html 37,917 341,944
