base referer
rect $class_xaml_drawable_attributes_1_1_data_1_1_consumer.html 49,5 321,32
rect $class_xaml_drawable_attributes_1_1_name_1_1_consumer.html 45,56 325,83
rect $class_xaml_drawable_attributes_1_1_fill_1_1_consumer.html 55,107 316,133
rect $class_xaml_drawable_attributes_1_1_render_transform_1_1_consumer.html 12,157 359,184
rect $class_xaml_drawable_attributes_1_1_clip_1_1_consumer.html 52,208 319,235
rect $class_xaml_drawable_attributes_1_1_opacity_1_1_consumer.html 41,259 329,285
rect $class_xaml_drawable_attributes_1_1_opacity_mask_1_1_consumer.html 25,309 345,336
rect $class_xaml_drawable_attributes_1_1_stroke_1_1_consumer.html 44,360 327,387
rect $class_xaml_drawable_attributes_1_1_stroke_dash_array_1_1_consumer.html 13,411 357,437
rect $class_xaml_drawable_attributes_1_1_stroke_dash_cap_1_1_consumer.html 17,461 353,488
rect $class_xaml_drawable_attributes_1_1_stroke_dash_offset_1_1_consumer.html 11,512 360,539
rect $class_xaml_drawable_attributes_1_1_stroke_end_line_cap_1_1_consumer.html 8,563 363,589
rect $class_xaml_drawable_attributes_1_1_stroke_start_line_cap_1_1_consumer.html 5,613 365,640
rect $class_xaml_drawable_attributes_1_1_stroke_line_join_1_1_consumer.html 20,664 351,691
rect $class_xaml_drawable_attributes_1_1_stroke_miter_limit_1_1_consumer.html 15,715 356,741
rect $class_xaml_drawable_attributes_1_1_stroke_thickness_1_1_consumer.html 15,765 356,792
rect $class_xaml_drawable_attributes_1_1_navigate_uri_1_1_consumer.html 28,816 343,843
