base referer
rect $class_xaml_drawable.html 125,7 235,33
rect $class_xaml_drawable_attributes_1_1_path_attribute_consumer.html 24,57 336,84
rect $class_xaml_drawable_attributes_1_1_data_1_1_provider.html 49,108 311,135
rect $class_xaml_drawable_attributes_1_1_name_1_1_provider.html 47,159 313,185
rect $class_xaml_drawable_attributes_1_1_fill_1_1_provider.html 55,209 305,236
rect $class_xaml_drawable_attributes_1_1_render_transform_1_1_provider.html 12,260 348,287
rect $class_xaml_drawable_attributes_1_1_clip_1_1_provider.html 52,311 308,337
rect $class_xaml_drawable_attributes_1_1_opacity_1_1_provider.html 41,361 319,388
rect $class_xaml_drawable_attributes_1_1_opacity_mask_1_1_provider.html 25,412 335,439
rect $class_xaml_drawable_attributes_1_1_stroke_1_1_provider.html 44,463 316,489
rect $class_xaml_drawable_attributes_1_1_stroke_dash_array_1_1_provider.html 13,513 347,540
rect $class_xaml_drawable_attributes_1_1_stroke_dash_cap_1_1_provider.html 17,564 343,591
rect $class_xaml_drawable_attributes_1_1_stroke_dash_offset_1_1_provider.html 11,615 349,641
rect $class_xaml_drawable_attributes_1_1_stroke_end_line_cap_1_1_provider.html 8,665 352,692
rect $class_xaml_drawable_attributes_1_1_stroke_start_line_cap_1_1_provider.html 5,716 355,743
rect $class_xaml_drawable_attributes_1_1_stroke_line_join_1_1_provider.html 20,767 340,793
rect $class_xaml_drawable_attributes_1_1_stroke_miter_limit_1_1_provider.html 15,817 345,844
rect $class_xaml_drawable_attributes_1_1_stroke_thickness_1_1_provider.html 15,868 345,895
rect $class_xaml_drawable_attributes_1_1_navigate_uri_1_1_provider.html 28,919 332,945
rect $class_xaml_drawable_attributes_1_1_stroke_dash_cap.html 47,969 313,996
rect $class_xaml_drawable_attributes_1_1_stroke_end_line_cap.html 37,1020 323,1047
rect $class_xaml_drawable_attributes_1_1_stroke_dash_offset.html 40,1071 320,1097
rect $class_xaml_drawable_attributes_1_1_fill.html 84,1121 276,1148
rect $class_xaml_drawable_attributes_1_1_opacity_mask.html 55,1172 305,1199
rect $class_xaml_drawable_attributes_1_1_stroke_miter_limit.html 44,1223 316,1249
rect $class_xaml_drawable_attributes_1_1_render_transform.html 41,1273 319,1300
rect $class_xaml_drawable_attributes_1_1_clip.html 81,1324 279,1351
rect $class_xaml_drawable_attributes_1_1_data.html 79,1375 281,1401
rect $class_xaml_drawable_attributes_1_1_stroke_line_join.html 49,1425 311,1452
rect $class_xaml_drawable_attributes_1_1_stroke_dash_array.html 43,1476 317,1503
rect $class_xaml_drawable_attributes_1_1_stroke_start_line_cap.html 35,1527 325,1553
rect $class_xaml_drawable_attributes_1_1_stroke.html 73,1577 287,1604
rect $class_xaml_drawable_attributes_1_1_opacity.html 71,1628 289,1655
rect $class_xaml_drawable_attributes_1_1_navigate_uri.html 57,1679 303,1705
rect $class_xaml_drawable_attributes_1_1_name.html 75,1729 285,1756
rect $class_xaml_drawable_attributes_1_1_stroke_thickness.html 44,1780 316,1807
