base referer
rect dir_D_3A_2FStage_2FComponents76_5FC052_5Fstage_2Fdevelop_2Fglobal_2Fsrc_2Fdwf_2Fpackage_2Fwriter_2Fextensions_2F6_2E0_2F.html 421,75 493,123
rect dir_D_3A_2FStage_2FComponents76_5FC052_5Fstage_2Fdevelop_2Fglobal_2Fsrc_2Fdwf_2Fpackage_2Fwriter_2Fextensions_2F6_2E01_2F.html 325,75 397,123
rect dir_D_3A_2FStage_2FComponents76_5FC052_5Fstage_2Fdevelop_2Fglobal_2Fsrc_2Fdwf_2Fpackage_2Fwriter_2Fextensions_2F6_2E11_2F.html 229,75 301,123
rect dir_D_3A_2FStage_2FComponents76_5FC052_5Fstage_2Fdevelop_2Fglobal_2Fsrc_2Fdwf_2Fpackage_2Fwriter_2Fextensions_2F6_2E20_2F.html 133,75 205,123
rect dir_D_3A_2FStage_2FComponents76_5FC052_5Fstage_2Fdevelop_2Fglobal_2Fsrc_2Fdwf_2Fpackage_2Fwriter_2Fextensions_2F7_2E10x_2F.html 37,75 109,123
rect dir_D_3A_2FStage_2FComponents76_5FC052_5Fstage_2Fdevelop_2Fglobal_2Fsrc_2Fdwf_2Fpackage_2Fwriter_2Fextensions_2F.html 27,54 613,134
rect dir_D_3A_2FStage_2FComponents76_5FC052_5Fstage_2Fdevelop_2Fglobal_2Fsrc_2Fdwf_2Fpackage_2Fwriter_2F.html 16,16 624,144
