base referer
rect $class_d_w_f_attribute_handler_builder.html 1484,5 1676,32
rect $class_d_w_f_toolkit_1_1_d_w_f_model_scene.html 1867,31 2072,57
rect $class_d_w_f_toolkit_1_1_d_w_f_segment.html 1878,81 2062,108
rect $class_d_w_f_toolkit_1_1_d_w_f_content_presentation_container.html 691,157 1000,184
rect $class_d_w_f_toolkit_1_1_d_w_f_content_presentation_document.html 1063,157 1375,184
rect $class_d_w_f_toolkit_1_1_d_w_f_package_content_presentations.html 1426,157 1735,184
rect $class_d_w_f_content_presentation_node_container.html 1087,259 1351,285
rect $class_d_w_f_toolkit_1_1_d_w_f_content_presentation_node.html 1439,259 1722,285
rect $class_d_w_f_toolkit_1_1_d_w_f_content_presentation_view.html 1440,208 1720,235
rect $class_d_w_f_content_presentation_view_container.html 1088,816 1350,843
rect $class_d_w_f_toolkit_1_1_d_w_f_content_presentation.html 1455,816 1706,843
rect $class_d_w_f_toolkit_1_1_d_w_f_content_reader.html 1108,1272 1330,1299
rect $class_d_w_f_toolkit_1_1_d_w_f_content.html 1492,1373 1668,1400
rect $class_d_w_f_toolkit_1_1_d_w_f_content_resource_reader.html 1080,1323 1358,1349
rect $class_d_w_f_defined_object_container.html 1482,1069 1679,1096
rect $class_d_w_f_toolkit_1_1_d_w_f_object_definition_resource.html 1828,892 2111,919
rect $class_d_w_f_feature_handler_builder.html 1487,107 1674,133
rect $class_d_w_f_toolkit_1_1_d_w_f_model.html 1886,475 2054,501
rect $class_d_w_f_geometry_handler_builder.html 1480,56 1680,83
rect $class_d_w_f_toolkit_1_1_d_w_f_manifest_reader.html 1107,1221 1331,1248
rect $class_d_w_f_toolkit_1_1_d_w_f_manifest.html 1490,1221 1671,1248
rect dwfcore.tag$class_d_w_f_core_1_1_d_w_f_owner.html 766,1525 926,1552
rect $class_d_w_f_toolkit_1_1_d_w_f_content_manager.html 1466,1449 1695,1476
rect $class_d_w_f_toolkit_1_1_d_w_f_resource_container.html 1096,1120 1342,1147
rect $class_d_w_f_toolkit_1_1_d_w_f_x_d_w_f_document.html 1103,1576 1335,1603
rect $class_d_w_f_toolkit_1_1_d_w_f_x_d_w_f_document_sequence.html 1074,1424 1364,1451
rect $class_d_w_f_toolkit_1_1_d_w_f_x_d_w_f_section.html 1111,1525 1327,1552
rect $class_d_w_f_toolkit_1_1_x_p_s_fixed_document.html 1110,1627 1328,1653
rect $class_d_w_f_toolkit_1_1_x_p_s_fixed_document_sequence.html 1079,1677 1359,1704
rect $class_d_w_f_toolkit_1_1_d_w_f_publishable_section.html 1458,917 1703,944
rect $class_d_w_f_toolkit_1_1_d_w_f_section.html 1492,1171 1668,1197
rect $class_d_w_f_toolkit_1_1_d_w_f_data_section.html 1868,1247 2071,1273
rect $class_d_w_f_toolkit_1_1_d_w_f_e_model_section.html 1859,1297 2080,1324
rect $class_d_w_f_toolkit_1_1_d_w_f_e_plot_section.html 1866,1348 2074,1375
rect $class_d_w_f_toolkit_1_1_d_w_f_global_section.html 1863,1399 2076,1425
rect $class_d_w_f_toolkit_1_1_d_w_f_signature_section.html 1854,1196 2086,1223
rect $class_d_w_f_toolkit_1_1_d_w_f_x_fixed_document.html 1463,1627 1698,1653
rect $class_d_w_f_toolkit_1_1_d_w_f_x_fixed_document_sequence.html 1434,1677 1727,1704
rect $class_d_w_f_toolkit_1_1_d_w_f_property_container.html 1099,1171 1339,1197
rect $class_d_w_f_toolkit_1_1_d_w_f_coordinate_system.html 1460,968 1700,995
rect $class_d_w_f_toolkit_1_1_d_w_f_property_set.html 1480,1323 1680,1349
rect $class_d_w_f_toolkit_1_1_d_w_f_resource.html 1487,1019 1674,1045
rect $class_d_w_f_toolkit_1_1_d_w_f_x_d_w_f_properties.html 1854,1449 2086,1476
rect $class_d_w_f_toolkit_1_1_d_w_f_content_presentation_resource.html 1815,841 2124,868
rect $class_d_w_f_property_reference_container.html 1107,208 1331,235
rect $class_d_w_f_toolkit_1_1_d_w_f_publishable.html 1119,917 1319,944
rect $class_d_w_f_segment_handler_builder.html 1483,867 1678,893
rect $class_d_w_f_toolkit_1_1_d_w_f_x_custom_properties_reader.html 700,1652 991,1679
rect $class_d_w_f_toolkit_1_1_d_w_f_x_custom_properties.html 1096,1728 1342,1755
rect $class_d_w_f_toolkit_1_1_d_w_f_x_d_w_f_document_sequence_reader.html 678,1424 1014,1451
rect $class_d_w_f_toolkit_1_1_d_w_f_x_d_w_f_properties_reader.html 1443,1272 1718,1299
rect dwfcore.tag$class_d_w_f_core_1_1_d_w_f_x_m_l_buildable.html 1118,588 1320,615
rect $class_d_w_f_toolkit_1_1_d_w_f_bookmark.html 1484,309 1676,336
rect $class_d_w_f_toolkit_1_1_d_w_f_defined_object.html 1472,715 1688,741
rect $class_d_w_f_toolkit_1_1_d_w_f_dependency.html 1478,360 1683,387
rect $class_d_w_f_toolkit_1_1_d_w_f_instance.html 1490,411 1671,437
rect $class_d_w_f_toolkit_1_1_d_w_f_interface.html 1488,461 1672,488
rect $class_d_w_f_toolkit_1_1_d_w_f_paper.html 1498,512 1663,539
rect $class_d_w_f_toolkit_1_1_d_w_f_property.html 1490,765 1671,792
rect $class_d_w_f_toolkit_1_1_d_w_f_property_reference.html 1459,563 1702,589
rect $class_d_w_f_toolkit_1_1_d_w_f_source.html 1494,613 1667,640
rect $class_d_w_f_toolkit_1_1_d_w_f_units.html 1500,664 1660,691
rect dwfcore.tag$class_d_w_f_core_1_1_d_w_f_x_m_l_serializable_base.html 722,1019 970,1045
rect $class_d_w_f_toolkit_1_1_d_w_f_x_m_l_serializable.html 1106,1019 1332,1045
rect $class_d_w_f_toolkit_1_1_d_w_f_model_scene_change_handler.html 1431,1120 1730,1147
rect $class_d_w_f_toolkit_1_1_d_w_f_model_scene_1_1___w3_d_color.html 1828,1044 2111,1071
rect $class_d_w_f_toolkit_1_1_d_w_f_model_scene_1_1___w3_d_cutting_planes.html 1803,1095 2136,1121
rect $class_d_w_f_toolkit_1_1_d_w_f_model_scene_1_1___w3_d_transform.html 1814,1145 2126,1172
rect $class_d_w_f_toolkit_1_1_d_w_f_model_scene_1_1___w3_d_visibility.html 1820,943 2119,969
rect $class_d_w_f_toolkit_1_1_d_w_f_model_scene_1_1___w3_d_x_m_l_pseudo_handler.html 1786,993 2154,1020
rect $class_d_w_f_toolkit_1_1_d_w_f_model_scene_1_1___w3_d_attribute_lock.html 2212,892 2540,919
rect $class_d_w_f_toolkit_1_1_d_w_f_model_scene_1_1___w3_d_camera.html 2227,943 2526,969
rect $class_d_w_f_toolkit_1_1_d_w_f_model_scene_1_1___w3_d_display_mode.html 2212,993 2540,1020
rect $class_d_w_f_toolkit_1_1_d_w_f_model_scene_1_1___w3_d_instance.html 2226,1044 2527,1071
rect $class_d_w_f_toolkit_1_1_d_w_f_model_scene_1_1___w3_d_instance_options.html 2203,1095 2550,1121
rect dwfcore.tag$struct_d_w_f_core_1_1_i_d_w_f_ownable.html 758,1373 934,1400
rect dwfcore.tag$class_d_w_f_core_1_1_d_w_f_ownable.html 1132,1373 1306,1400
rect $class_d_w_f_toolkit_1_1_o_p_c_core_properties_reader.html 715,2032 976,2059
rect $class_d_w_f_toolkit_1_1_o_p_c_core_properties.html 1110,2032 1328,2059
rect $class_d_w_f_toolkit_1_1_o_p_c_part_container.html 58,1297 268,1324
rect $class_d_w_f_toolkit_1_1_o_p_c_package.html 410,1297 588,1324
rect $class_d_w_f_toolkit_1_1_x_p_s_package.html 756,1196 935,1223
rect $class_d_w_f_toolkit_1_1_d_w_f_x_package.html 1123,1069 1315,1096
rect $class_d_w_f_toolkit_1_1_o_p_c_relationship_container_interface.html 7,1449 319,1476
rect $class_d_w_f_toolkit_1_1_o_p_c_part.html 423,1703 575,1729
rect $class_d_w_f_toolkit_1_1_o_p_c_relationship_container.html 370,1449 628,1476
rect $class_d_w_f_toolkit_1_1_d_w_f_x_resource_part.html 735,1703 956,1729
rect $class_d_w_f_toolkit_1_1_o_p_c_x_m_l_part.html 756,1753 935,1780
rect $class_d_w_f_toolkit_1_1_d_w_f_x_content_part.html 1114,1779 1324,1805
rect $class_d_w_f_toolkit_1_1_d_w_f_x_document_presentations_part.html 1066,1829 1372,1856
rect $class_d_w_f_toolkit_1_1_o_p_c_content_types.html 1114,1981 1324,2008
rect $class_d_w_f_toolkit_1_1_x_p_s_fixed_page.html 1124,1880 1314,1907
rect $class_d_w_f_toolkit_1_1_d_w_f_x_fixed_page.html 1479,1880 1682,1907
