base referer
rect $class_xaml_drawable_attributes_1_1_bidi_level_1_1_consumer.html 45,664 344,691
rect $class_xaml_drawable_attributes_1_1_glyphs_attribute_consumer.html 452,563 780,589
rect $class_xaml_glyphs.html 965,512 1061,539
rect $class_xaml_drawable_attributes_1_1_bidi_level_1_1_provider.html 472,512 760,539
rect $class_xaml_glyphs_1_1_attribute_parser.html 917,461 1109,488
rect $class_xaml_drawable_attributes_1_1_canvas_attribute_provider.html 456,765 776,792
rect $class_w_t___x_a_m_l___attribute___u_r_l.html 924,791 1103,817
rect $class_w_t___x_a_m_l___viewport.html 940,740 1087,767
rect $class_xaml_canvas_1_1_attribute_parser.html 916,892 1111,919
rect $class_xaml_drawable_attributes_1_1_caret_stops_1_1_consumer.html 40,715 349,741
rect $class_xaml_drawable_attributes_1_1_caret_stops_1_1_provider.html 467,411 765,437
rect $class_xaml_drawable_attributes_1_1_clip_1_1_consumer.html 61,943 328,969
rect $class_xaml_drawable_attributes_1_1_canvas_attribute_consumer.html 451,1120 781,1147
rect $class_xaml_drawable_attributes_1_1_path_attribute_consumer.html 460,1627 772,1653
rect $class_xaml_canvas.html 964,993 1063,1020
rect $class_xaml_path.html 973,1627 1053,1653
rect $class_xaml_image_rendition_path.html 1227,1601 1403,1628
rect $class_xaml_rendition_path.html 1245,1652 1384,1679
rect $class_xaml_drawable_attributes_1_1_clip_1_1_provider.html 488,867 744,893
rect $class_xaml_path_1_1_attribute_parser.html 924,1677 1103,1704
rect $class_xaml_drawable_attributes_1_1_data_1_1_consumer.html 59,1677 331,1704
rect $class_xaml_drawable_attributes_1_1_data_1_1_provider.html 485,1677 747,1704
rect $class_xaml_drawable_attributes_1_1_device_font_name_1_1_consumer.html 21,765 368,792
rect $class_xaml_drawable_attributes_1_1_device_font_name_1_1_provider.html 448,461 784,488
rect $class_xaml_drawable_attributes_1_1_fill_1_1_consumer.html 64,1399 325,1425
rect $class_w_t___x_a_m_l___color.html 951,1424 1076,1451
rect $class_w_t___x_a_m_l___contrast___color.html 921,1475 1105,1501
rect $class_xaml_drawable_attributes_1_1_fill_1_1_provider.html 491,1272 741,1299
rect $class_w_t___x_a_m_l___fill.html 957,1373 1069,1400
rect $class_w_t___x_a_m_l___fill___pattern.html 932,1221 1095,1248
rect $class_w_t___x_a_m_l___user___fill___pattern.html 915,1272 1112,1299
rect $class_w_t___x_a_m_l___user___hatch___pattern.html 905,1323 1121,1349
rect $class_xaml_drawable_attributes_1_1_fill_provider.html 892,1171 1135,1197
rect $class_xaml_drawable_attributes_1_1_font_rendering_em_size_1_1_consumer.html 5,816 384,843
rect $class_xaml_drawable_attributes_1_1_font_rendering_em_size_1_1_provider.html 432,157 800,184
rect $class_w_t___x_a_m_l___font.html 953,107 1073,133
rect $class_xaml_drawable_attributes_1_1_font_uri_1_1_consumer.html 51,309 339,336
rect $class_xaml_drawable_attributes_1_1_font_uri_1_1_provider.html 477,5 755,32
rect $class_w_t___x_a_m_l___font___extension.html 920,31 1107,57
rect $class_xaml_drawable_attributes_1_1_glyphs_attribute_provider.html 457,664 775,691
rect $class_w_t___x_a_m_l___text.html 953,335 1073,361
rect $class_w_t___x_a_m_l___u_r_l.html 953,841 1073,868
rect $class_w_t___x_a_m_l___visibility.html 941,1120 1085,1147
rect $class_xaml_drawable_attributes_1_1_indices_1_1_consumer.html 52,360 337,387
rect $class_xaml_drawable_attributes_1_1_indices_1_1_provider.html 479,360 753,387
rect $class_xaml_drawable_attributes_1_1_is_sideways_1_1_consumer.html 40,411 349,437
rect $class_xaml_drawable_attributes_1_1_is_sideways_1_1_provider.html 467,107 765,133
rect $class_xaml_drawable_attributes_1_1_name_1_1_consumer.html 55,1145 335,1172
rect $class_xaml_drawable_attributes_1_1_name_1_1_provider.html 483,1019 749,1045
rect $class_w_t___x_a_m_l___file.html 955,1044 1072,1071
rect $class_xaml_drawable_attributes_1_1_navigate_uri_1_1_consumer.html 37,1196 352,1223
rect $class_xaml_drawable_attributes_1_1_navigate_uri_1_1_provider.html 464,816 768,843
rect $class_xaml_drawable_attributes_1_1_opacity_1_1_consumer.html 51,1247 339,1273
rect $class_xaml_drawable_attributes_1_1_opacity_1_1_provider.html 477,1171 755,1197
rect $class_xaml_drawable_attributes_1_1_opacity_mask_1_1_consumer.html 35,993 355,1020
rect $class_xaml_drawable_attributes_1_1_opacity_mask_1_1_provider.html 461,917 771,944
rect $class_xaml_drawable_attributes_1_1_origin_x_1_1_consumer.html 51,461 339,488
rect $class_xaml_drawable_attributes_1_1_origin_x_1_1_provider.html 477,208 755,235
rect $class_xaml_drawable_attributes_1_1_origin_y_1_1_consumer.html 51,512 339,539
rect $class_xaml_drawable_attributes_1_1_origin_y_1_1_provider.html 477,259 755,285
rect $class_xaml_drawable_attributes_1_1_path_attribute_provider.html 465,1373 767,1400
rect $class_w_t___x_a_m_l___dash___pattern.html 925,2285 1101,2312
rect $class_w_t___x_a_m_l___gouraud___polyline.html 913,2057 1113,2084
rect $class_w_t___x_a_m_l___line___pattern.html 928,2184 1099,2211
rect $class_w_t___x_a_m_l___line___style.html 935,1905 1092,1932
rect $class_w_t___x_a_m_l___line___weight.html 929,1792 1097,1819
rect $class_xaml_drawable_attributes_1_1_render_transform_1_1_consumer.html 21,1044 368,1071
rect $class_xaml_drawable_attributes_1_1_render_transform_1_1_provider.html 448,715 784,741
rect $class_xaml_drawable_attributes_1_1_render_transform_provider.html 849,689 1177,716
rect $class_xaml_drawable_attributes_1_1_resources_1_1_consumer.html 41,1095 348,1121
rect $class_xaml_drawable_attributes_1_1_resources_1_1_provider.html 468,968 764,995
rect $class_xaml_drawable_attributes_1_1_resources_provider.html 869,943 1157,969
rect $class_xaml_drawable_attributes_1_1_stroke_1_1_consumer.html 53,1525 336,1552
rect $class_xaml_drawable_attributes_1_1_stroke_1_1_provider.html 480,1576 752,1603
rect $class_xaml_drawable_attributes_1_1_stroke_provider.html 881,1576 1145,1603
rect $class_xaml_drawable_attributes_1_1_stroke_dash_array_1_1_consumer.html 23,2311 367,2337
rect $class_xaml_drawable_attributes_1_1_stroke_dash_array_1_1_provider.html 449,2285 783,2312
rect $class_xaml_drawable_attributes_1_1_stroke_dash_cap_1_1_consumer.html 27,2209 363,2236
rect $class_xaml_drawable_attributes_1_1_stroke_dash_cap_1_1_provider.html 453,1779 779,1805
rect $class_xaml_drawable_attributes_1_1_stroke_dash_offset_1_1_consumer.html 20,1728 369,1755
rect $class_xaml_drawable_attributes_1_1_stroke_dash_offset_1_1_provider.html 447,2184 785,2211
rect $class_xaml_drawable_attributes_1_1_stroke_end_line_cap_1_1_consumer.html 17,2133 372,2160
rect $class_xaml_drawable_attributes_1_1_stroke_end_line_cap_1_1_provider.html 444,1829 788,1856
rect $class_xaml_drawable_attributes_1_1_stroke_line_join_1_1_consumer.html 29,1905 360,1932
rect $class_xaml_drawable_attributes_1_1_stroke_line_join_1_1_provider.html 456,1880 776,1907
rect $class_xaml_drawable_attributes_1_1_stroke_miter_limit_1_1_consumer.html 24,1576 365,1603
rect $class_xaml_drawable_attributes_1_1_stroke_miter_limit_1_1_provider.html 451,1931 781,1957
rect $class_xaml_drawable_attributes_1_1_stroke_start_line_cap_1_1_consumer.html 15,1956 375,1983
rect $class_xaml_drawable_attributes_1_1_stroke_start_line_cap_1_1_provider.html 441,1728 791,1755
rect $class_xaml_drawable_attributes_1_1_stroke_thickness_1_1_consumer.html 24,1627 365,1653
rect $class_xaml_drawable_attributes_1_1_stroke_thickness_1_1_provider.html 451,1981 781,2008
rect $class_xaml_drawable_attributes_1_1_style_simulations_1_1_consumer.html 23,563 367,589
rect $class_xaml_drawable_attributes_1_1_style_simulations_1_1_provider.html 451,56 781,83
rect $class_xaml_drawable_attributes_1_1_unicode_string_1_1_consumer.html 31,613 359,640
rect $class_xaml_drawable_attributes_1_1_unicode_string_1_1_provider.html 457,309 775,336
rect $class_xaml_object.html 148,892 241,919
rect $class_xaml_drawable.html 561,1069 671,1096
