base referer
rect $class_d_w_f_core_1_1_d_w_f_basic_iterator_impl.html 355,6 608,32
rect $class_d_w_f_core_1_1_d_w_f_buffer_input_stream.html 367,56 596,83
rect $class_d_w_f_core_1_1_d_w_f_buffer_output_stream.html 362,107 602,134
rect $class_d_w_f_core_1_1_d_w_f_caching_iterator.html 360,158 603,184
rect $class_d_w_f_core_1_1_d_w_f_chained_skip_list.html 258,334 706,360
rect $class_d_w_f_core_1_1_d_w_f_chained_skip_list.html 2586,259 3620,286
rect $class_d_w_f_core_1_1_d_w_f_char_key_chained_skip_list.html 4000,230 4302,256
rect $class_d_w_f_core_1_1_d_w_f_chained_skip_list.html 2304,398 3902,424
rect $class_d_w_f_core_1_1_d_w_f_string_key_chained_skip_list.html 3996,427 4306,454
rect $class_d_w_f_core_1_1_d_w_f_chained_skip_list.html 2538,499 3668,526
rect $class_d_w_f_core_1_1_d_w_f_w_char_key_chained_skip_list.html 3994,528 4308,555
rect $class_d_w_f_core_1_1_d_w_f_chained_skip_list_1_1_const_iterator.html 2836,622 3370,648
rect $class_d_w_f_core_1_1_d_w_f_chained_skip_list_1_1_iterator.html 2854,727 3352,754
rect $class_d_w_f_core_1_1_d_w_f_char_key_hash_list.html 346,803 618,830
rect $class_d_w_f_core_1_1_d_w_f_char_key_hash_list_1_1_const_iterator.html 303,854 660,880
rect $class_d_w_f_core_1_1_d_w_f_char_key_hash_list_1_1_iterator.html 320,904 643,931
rect $class_d_w_f_core_1_1_d_w_f_char_key_skip_list.html 4024,907 4278,934
rect $class_d_w_f_core_1_1_d_w_f_compressing_input_stream.html 346,1630 618,1656
rect $class_d_w_f_core_1_1_d_w_f_counted_object.html 376,1680 587,1707
rect $class_d_w_f_core_1_1_d_w_f_counted_object_pointer.html 355,1782 608,1808
rect $class_d_w_f_core_1_1_d_w_f_parameterized_counted_object_pointer.html 2918,1735 3288,1762
rect $class_d_w_f_core_1_1_d_w_f_decompressing_input_stream.html 339,1832 624,1859
rect $class_d_w_f_core_1_1_d_w_f_digest.html 403,1883 560,1910
rect $class_d_w_f_core_1_1_d_w_f_digest_input_stream.html 366,1934 598,1960
rect $class_d_w_f_core_1_1_d_w_f_digest_output_stream.html 360,1984 603,2011
rect $class_d_w_f_core_1_1_d_w_f_exception.html 392,2035 571,2062
rect $class_d_w_f_core_1_1_d_w_f_file.html 410,2086 554,2112
rect $class_d_w_f_core_1_1_d_w_f_file_input_stream.html 374,2136 590,2163
rect $class_d_w_f_core_1_1_d_w_f_file_output_stream.html 368,2187 595,2214
rect $class_d_w_f_core_1_1_d_w_f_m_i_m_e.html 404,2238 559,2264
rect $class_d_w_f_core_1_1_d_w_f_monitored_input_stream.html 355,2288 608,2315
rect $class_d_w_f_core_1_1_d_w_f_ordered_vector.html 2962,2360 3244,2387
rect $class_d_w_f_core_1_1_d_w_f_pointer.html 384,2542 579,2568
rect $class_d_w_f_core_1_1_d_w_f_pointer.html 2976,2484 3230,2511
rect $class_d_w_f_core_1_1_d_w_f_pointer.html 2996,2660 3210,2687
rect $class_d_w_f_core_1_1_d_w_f_pointer.html 2994,2574 3212,2600
rect $class_d_w_f_core_1_1_d_w_f_process_mutex.html 379,2694 584,2720
rect $class_d_w_f_core_1_1_d_w_f_semaphore.html 387,2744 576,2771
rect $class_d_w_f_core_1_1_d_w_f_signal.html 403,2795 560,2822
rect $class_d_w_f_core_1_1_d_w_f_skip_list.html 350,1275 614,1302
rect $class_d_w_f_core_1_1_d_w_f_skip_list.html 2332,992 3874,1019
rect $class_d_w_f_core_1_1_d_w_f_skip_list.html 2848,1055 3358,1082
rect $class_d_w_f_core_1_1_d_w_f_skip_list.html 2807,936 3399,963
rect $class_d_w_f_core_1_1_d_w_f_skip_list.html 2976,1147 3230,1174
rect $class_d_w_f_core_1_1_d_w_f_skip_list.html 2783,1527 3423,1554
rect $class_d_w_f_core_1_1_d_w_f_w_char_key_skip_list.html 4018,1556 4284,1583
rect $class_d_w_f_core_1_1_d_w_f_skip_list.html 2272,1343 3934,1370
rect $class_d_w_f_core_1_1_d_w_f_skip_list.html 2996,1424 3210,1451
rect $class_d_w_f_core_1_1_d_w_f_skip_list.html 2266,1254 3940,1280
rect $class_d_w_f_core_1_1_d_w_f_skip_list.html 2666,1628 3540,1655
rect $class_d_w_f_core_1_1_d_w_f_string_key_skip_list.html 4022,1659 4280,1686
rect $class_d_w_f_core_1_1_d_w_f_skip_list_1_1___node_1_1___const_iterator.html 280,2846 683,2872
rect $class_d_w_f_core_1_1_d_w_f_skip_list_1_1___node_1_1___iterator.html 298,2896 666,2923
rect $class_d_w_f_core_1_1_d_w_f_skip_list_1_1_const_iterator.html 307,651 656,678
rect $class_d_w_f_core_1_1_d_w_f_skip_list_1_1_iterator.html 324,752 639,779
rect $class_d_w_f_core_1_1_d_w_f_sorted_list.html 352,2947 611,2974
rect $class_d_w_f_core_1_1_d_w_f_sorted_list_1_1_const_iterator.html 310,2998 654,3024
rect $class_d_w_f_core_1_1_d_w_f_sorted_list_1_1_iterator.html 327,3048 636,3075
rect $class_d_w_f_core_1_1_d_w_f_sorted_vector.html 2967,2419 3239,2446
rect $class_d_w_f_core_1_1_d_w_f_standard_file_descriptor.html 352,3099 611,3126
rect $class_d_w_f_core_1_1_d_w_f_stream_file_descriptor.html 358,3150 606,3176
rect $class_d_w_f_core_1_1_d_w_f_stream_output_buffer_descriptor.html 331,3200 632,3227
rect $class_d_w_f_core_1_1_d_w_f_string.html 404,3251 559,3278
rect $class_d_w_f_core_1_1_d_w_f_string_vector_iterator.html 348,3302 615,3328
rect $class_d_w_f_core_1_1_d_w_f_temp_file.html 394,3352 570,3379
rect $class_d_w_f_core_1_1_d_w_f_thread.html 400,3403 563,3430
rect $class_d_w_f_core_1_1_d_w_f_thread_mutex.html 382,3454 582,3480
rect $class_d_w_f_core_1_1_d_w_f_thread_pool.html 387,3504 576,3531
rect $class_d_w_f_core_1_1_d_w_f_thread_pool_1_1_controller.html 354,3555 610,3582
rect $class_d_w_f_core_1_1_d_w_f_timer.html 404,3606 559,3632
rect $class_d_w_f_core_1_1_d_w_f_unzipping_input_stream.html 355,3656 608,3683
rect $class_d_w_f_core_1_1_d_w_f_u_t_f8_encoding_output_stream.html 335,3707 628,3734
rect $class_d_w_f_core_1_1_d_w_f_u_u_i_d.html 404,3758 559,3784
rect $class_d_w_f_core_1_1_d_w_f_u_u_i_d_impl___win32.html 368,3808 595,3835
rect $class_d_w_f_core_1_1_d_w_f_vector.html 364,2390 599,2416
rect $class_d_w_f_core_1_1_d_w_f_vector_const_iterator.html 340,3859 623,3886
rect $class_d_w_f_core_1_1_d_w_f_vector_iterator.html 358,3910 606,3936
rect $class_d_w_f_core_1_1_d_w_f_w_char_key_hash_list.html 339,3960 624,3987
rect $class_d_w_f_core_1_1_d_w_f_w_char_key_hash_list_1_1_const_iterator.html 296,4011 667,4038
rect $class_d_w_f_core_1_1_d_w_f_w_char_key_hash_list_1_1_iterator.html 314,4062 650,4088
rect $class_d_w_f_core_1_1_d_w_f_x_m_l_encoding_output_stream.html 338,4112 626,4139
rect $class_d_w_f_core_1_1_d_w_f_x_m_l_serializer.html 379,4163 584,4190
rect $class_d_w_f_core_1_1_d_w_f_zip_file_descriptor.html 371,4214 592,4240
rect $class_d_w_f_core_1_1_d_w_f_zip_file_index.html 384,4264 579,4291
rect $class_d_w_f_core_1_1_d_w_f_zipping_output_stream.html 358,4315 606,4342
