base referer
rect $class_d_w_f_core_1_1_d_w_f_const_iterator.html 254,143 483,170
rect $class_d_w_f_core_1_1_d_w_f_char_key_hash_list_1_1_const_iterator.html 1212,168 1570,195
rect $class_d_w_f_core_1_1_d_w_f_sorted_list_1_1_const_iterator.html 1219,219 1563,246
rect $class_d_w_f_core_1_1_d_w_f_vector_const_iterator.html 1250,67 1532,94
rect $class_d_w_f_core_1_1_d_w_f_w_char_key_hash_list_1_1_const_iterator.html 1206,118 1576,144
rect $class_d_w_f_core_1_1_d_w_f_core_memory.html 270,2144 467,2171
rect $class_d_w_f_core_1_1_d_w_f_basic_iterator_impl.html 1264,422 1518,448
rect $class_d_w_f_core_1_1_d_w_f_buffer_input_stream.html 1276,726 1506,752
rect $class_d_w_f_core_1_1_d_w_f_buffer_output_stream.html 1271,1080 1511,1107
rect $class_d_w_f_core_1_1_d_w_f_caching_iterator.html 1270,675 1512,702
rect $class_d_w_f_core_1_1_d_w_f_chained_skip_list.html 1167,2448 1615,2475
rect $class_d_w_f_core_1_1_d_w_f_chained_skip_list_1_1_const_iterator.html 2279,3450 2812,3476
rect $class_d_w_f_core_1_1_d_w_f_chained_skip_list_1_1_iterator.html 2296,3526 2795,3552
rect $class_d_w_f_core_1_1_d_w_f_chained_skip_list.html 874,3208 1908,3235
rect $class_d_w_f_core_1_1_d_w_f_char_key_chained_skip_list.html 2395,3234 2696,3260
rect $class_d_w_f_core_1_1_d_w_f_chained_skip_list.html 826,2600 1956,2627
rect $class_d_w_f_core_1_1_d_w_f_w_char_key_chained_skip_list.html 2388,2639 2703,2666
rect $class_d_w_f_core_1_1_d_w_f_chained_skip_list.html 592,2854 2190,2880
rect $class_d_w_f_core_1_1_d_w_f_string_key_chained_skip_list.html 2391,2879 2700,2906
rect $class_d_w_f_core_1_1_d_w_f_char_key_hash_list.html 1255,3006 1527,3032
rect $class_d_w_f_core_1_1_d_w_f_char_key_hash_list_1_1_iterator.html 1230,320 1552,347
rect $class_d_w_f_core_1_1_d_w_f_char_key_skip_list.html 2419,2980 2672,3007
rect $class_d_w_f_core_1_1_d_w_f_compressing_input_stream.html 1255,776 1527,803
rect $class_d_w_f_core_1_1_d_w_f_counted_object.html 1286,3158 1496,3184
rect $class_d_w_f_core_1_1_d_w_f_counted_object_pointer.html 1264,1840 1518,1867
rect $class_d_w_f_core_1_1_d_w_f_parameterized_counted_object_pointer.html 2360,1790 2731,1816
rect $class_d_w_f_core_1_1_d_w_f_decompressing_input_stream.html 1248,827 1534,854
rect $class_d_w_f_core_1_1_d_w_f_digest.html 1312,3107 1470,3134
rect $class_d_w_f_core_1_1_d_w_f_digest_input_stream.html 1275,878 1507,904
rect $class_d_w_f_core_1_1_d_w_f_digest_output_stream.html 1270,1131 1512,1158
rect $class_d_w_f_core_1_1_d_w_f_exception.html 1302,3360 1480,3387
rect $class_d_w_f_core_1_1_d_w_f_file.html 1319,3411 1463,3438
rect $class_d_w_f_core_1_1_d_w_f_file_input_stream.html 1283,928 1499,955
rect $class_d_w_f_core_1_1_d_w_f_file_output_stream.html 1278,1182 1504,1208
rect $class_d_w_f_core_1_1_d_w_f_m_i_m_e.html 1314,1334 1468,1360
rect $class_d_w_f_core_1_1_d_w_f_monitored_input_stream.html 1264,979 1518,1006
rect $class_d_w_f_core_1_1_d_w_f_ordered_vector.html 2404,2784 2687,2811
rect $class_d_w_f_core_1_1_d_w_f_pointer.html 1294,1486 1488,1512
rect $class_d_w_f_core_1_1_d_w_f_process_mutex.html 1288,3664 1494,3691
rect $class_d_w_f_core_1_1_d_w_f_semaphore.html 1296,3715 1486,3742
rect $class_d_w_f_core_1_1_d_w_f_signal.html 1312,1536 1470,1563
rect $class_d_w_f_core_1_1_d_w_f_skip_list.html 1259,1587 1523,1614
rect $class_d_w_f_core_1_1_d_w_f_skip_list_1_1___node_1_1___const_iterator.html 1190,3766 1592,3792
rect $class_d_w_f_core_1_1_d_w_f_skip_list_1_1___node_1_1___iterator.html 1207,3816 1575,3843
rect $class_d_w_f_core_1_1_d_w_f_skip_list_1_1_const_iterator.html 1216,3462 1566,3488
rect $class_d_w_f_core_1_1_d_w_f_skip_list_1_1_iterator.html 1234,3563 1548,3590
rect $class_d_w_f_core_1_1_d_w_f_skip_list.html 620,1638 2162,1664
rect $class_d_w_f_core_1_1_d_w_f_skip_list.html 1095,2955 1687,2982
rect $class_d_w_f_core_1_1_d_w_f_skip_list.html 554,1688 2228,1715
rect $class_d_w_f_core_1_1_d_w_f_skip_list.html 1071,1384 1711,1411
rect $class_d_w_f_core_1_1_d_w_f_w_char_key_skip_list.html 2412,1410 2679,1436
rect $class_d_w_f_core_1_1_d_w_f_skip_list.html 560,1790 2222,1816
rect $class_d_w_f_core_1_1_d_w_f_skip_list.html 954,1891 1828,1918
rect $class_d_w_f_core_1_1_d_w_f_string_key_skip_list.html 2416,2220 2675,2247
rect $class_d_w_f_core_1_1_d_w_f_sorted_list.html 1262,1942 1520,1968
rect $class_d_w_f_core_1_1_d_w_f_sorted_list_1_1_iterator.html 1236,472 1546,499
rect $class_d_w_f_core_1_1_d_w_f_sorted_vector.html 2410,2715 2682,2742
rect $class_d_w_f_core_1_1_d_w_f_standard_file_descriptor.html 1262,3918 1520,3944
rect $class_d_w_f_core_1_1_d_w_f_stream_file_descriptor.html 1267,3968 1515,3995
rect $class_d_w_f_core_1_1_d_w_f_stream_output_buffer_descriptor.html 1240,3867 1542,3894
rect $class_d_w_f_core_1_1_d_w_f_string.html 1314,1992 1468,2019
rect $class_d_w_f_core_1_1_d_w_f_string_vector_iterator.html 1258,4019 1524,4046
rect $class_d_w_f_core_1_1_d_w_f_temp_file.html 1303,2043 1479,2070
rect $class_d_w_f_core_1_1_d_w_f_thread.html 1310,2094 1472,2120
rect $class_d_w_f_core_1_1_d_w_f_thread_mutex.html 1291,3614 1491,3640
rect $class_d_w_f_core_1_1_d_w_f_thread_pool.html 1296,2144 1486,2171
rect $class_d_w_f_core_1_1_d_w_f_thread_pool_1_1_controller.html 1263,2195 1519,2222
rect $class_d_w_f_core_1_1_d_w_f_timer.html 1314,2246 1468,2272
rect $class_d_w_f_core_1_1_d_w_f_unzipping_input_stream.html 1264,270 1518,296
rect $class_d_w_f_core_1_1_d_w_f_u_t_f8_encoding_output_stream.html 1244,1232 1538,1259
rect $class_d_w_f_core_1_1_d_w_f_u_u_i_d.html 1314,2296 1468,2323
rect $class_d_w_f_core_1_1_d_w_f_u_u_i_d_impl___win32.html 1278,4120 1504,4147
rect $class_d_w_f_core_1_1_d_w_f_vector.html 1274,2752 1508,2779
rect $class_d_w_f_core_1_1_d_w_f_vector_iterator.html 1267,574 1515,600
rect $class_d_w_f_core_1_1_d_w_f_w_char_key_hash_list.html 1248,2347 1534,2374
rect $class_d_w_f_core_1_1_d_w_f_w_char_key_hash_list_1_1_iterator.html 1223,371 1559,398
rect $class_d_w_f_core_1_1_d_w_f_x_m_l_encoding_output_stream.html 1247,1283 1535,1310
rect $class_d_w_f_core_1_1_d_w_f_x_m_l_serializer.html 1288,2398 1494,2424
rect $class_d_w_f_core_1_1_d_w_f_zip_file_descriptor.html 1280,4070 1502,4096
rect $class_d_w_f_core_1_1_d_w_f_zip_file_index.html 1294,2499 1488,2526
rect $class_d_w_f_core_1_1_d_w_f_zipping_output_stream.html 1267,1030 1515,1056
rect $class_d_w_f_core_1_1_d_w_f_x_m_l_serializer_1_1_x_m_l_output_stream.html 2384,1080 2707,1107
rect $class_d_w_f_core_1_1_d_w_f_m_d5_digest.html 2452,3082 2639,3108
rect $class_d_w_f_core_1_1_d_w_f_s_h_a1_digest.html 2448,3132 2643,3159
rect $class_d_w_f_core_1_1_d_w_f_file_descriptor.html 267,3943 470,3970
rect $class_d_w_f_core_1_1_d_w_f_input_stream.html 271,776 466,803
rect $class_d_w_f_core_1_1_d_w_f_decrypting_input_stream.html 1262,523 1520,550
rect $class_d_w_f_core_1_1_d_w_f_encrypting_input_stream.html 1262,624 1520,651
rect $class_d_w_f_core_1_1_d_w_f_iterator.html 271,447 466,474
rect $class_d_w_f_core_1_1_d_w_f_iterator.html 251,3816 486,3843
rect $class_d_w_f_core_1_1_d_w_f_iterator.html 234,3766 503,3792
rect $class_d_w_f_core_1_1_d_w_f_iterator.html 242,4019 495,4046
rect $class_d_w_f_core_1_1_d_w_f_k_v_const_iterator.html 236,3462 500,3488
rect $class_d_w_f_core_1_1_d_w_f_k_v_iterator.html 254,3563 483,3590
rect $class_d_w_f_core_1_1_d_w_f_output_stream.html 266,1156 471,1183
rect $class_d_w_f_core_1_1_d_w_f_owner.html 288,270 448,296
rect $class_d_w_f_core_1_1_d_w_f_synchronization.html 260,3664 476,3691
rect $class_d_w_f_core_1_1_d_w_f_u_u_i_d_impl.html 279,4146 458,4172
rect $class_d_w_f_core_1_1_d_w_f_u_u_i_d_impl___a_n_s_i.html 1282,4171 1500,4198
rect $struct_d_w_f_core_1_1_i_d_w_f_ownable.html 7,4070 183,4096
rect $class_d_w_f_core_1_1_d_w_f_ownable.html 282,4070 455,4096
