base referer
rect $class_w_t___attribute___u_r_l.html 312,5 448,32
rect $class_w_t___background.html 319,56 441,83
rect $class_w_t___block_ref.html 328,107 432,133
rect $class_w_t___code___page.html 320,157 440,184
rect $class_w_t___color.html 339,208 421,235
rect $class_w_t___color___map.html 323,259 437,285
rect $class_w_t___contrast___color.html 309,309 451,336
rect $class_w_t___dash___pattern.html 315,360 445,387
rect $class_w_t___delineate.html 327,411 433,437
rect $class_w_t___fill.html 345,461 415,488
rect $class_w_t___fill___pattern.html 320,512 440,539
rect $class_w_t___font.html 341,563 419,589
rect $class_w_t___font___extension.html 308,613 452,640
rect $class_w_t___inked___area.html 320,664 440,691
rect $class_w_t___layer.html 339,715 421,741
rect $class_w_t___line___pattern.html 317,765 443,792
rect $class_w_t___line___style.html 323,816 437,843
rect $class_w_t___line___weight.html 317,867 443,893
rect $class_w_t___macro___index.html 316,917 444,944
rect $class_w_t___macro___scale.html 316,968 444,995
rect $class_w_t___marker___size.html 317,1019 443,1045
rect $class_w_t___marker___symbol.html 308,1069 452,1096
rect $class_w_t___merge___control.html 311,1120 449,1147
rect $class_w_t___object___node.html 316,1171 444,1197
rect $class_w_t___pen___pattern.html 317,1221 443,1248
rect $class_w_t___pen_pat___options.html 307,1272 453,1299
rect $class_w_t___plot___optimized.html 309,1323 451,1349
rect $class_w_t___projection.html 325,1373 435,1400
rect $class_w_t___text___background.html 303,1424 457,1451
rect $class_w_t___text___h_align.html 319,1475 441,1501
rect $class_w_t___text___v_align.html 320,1525 440,1552
rect $class_w_t___u_r_l.html 341,1576 419,1603
rect $class_w_t___user___fill___pattern.html 303,1627 457,1653
rect $class_w_t___user___hatch___pattern.html 295,1677 465,1704
rect $class_w_t___view.html 340,1728 420,1755
rect $class_w_t___viewport.html 329,1779 431,1805
rect $class_w_t___visibility.html 331,1829 429,1856
rect $class_w_t___object.html 5,917 96,944
