base referer
rect $class_w_t___alignment.html 197,5 309,32
rect $class_w_t___attribute.html 203,56 304,83
rect $class_w_t___block___meaning.html 183,107 324,133
rect $class_w_t___compressed___data___moniker.html 145,157 361,184
rect $class_w_t___directory.html 201,208 305,235
rect $class_w_t___drawable.html 200,259 307,285
rect $class_w_t___d_w_f___header.html 187,309 320,336
rect $class_w_t___embed.html 207,360 300,387
rect $class_w_t___embedded___font.html 179,411 328,437
rect $class_w_t___encryption.html 196,461 311,488
rect $class_w_t___end___of___d_w_f.html 185,512 321,539
rect $class_w_t___file_time.html 203,563 304,589
rect $class_w_t___group___begin.html 188,613 319,640
rect $class_w_t___group___end.html 193,664 313,691
rect $class_w_t___guid.html 213,715 293,741
rect $class_w_t___guid___list.html 200,765 307,792
rect $class_w_t___informational.html 189,816 317,843
rect $class_w_t___layer___list.html 197,867 309,893
rect $class_w_t___named___view.html 188,917 319,944
rect $class_w_t___named___view___list.html 175,968 332,995
rect $class_w_t___object___node___list.html 175,1019 332,1045
rect $class_w_t___object___stream.html 183,1069 324,1096
rect $class_w_t___option.html 208,1120 299,1147
rect $class_w_t___orientation.html 195,1171 312,1197
rect $class_w_t___origin.html 209,1221 297,1248
rect $class_w_t___password.html 199,1272 308,1299
rect $class_w_t___plot___info.html 201,1323 305,1349
rect $class_w_t___sign_data.html 200,1373 307,1400
rect $class_w_t___timestamp.html 195,1424 312,1451
rect $class_w_t___trusted___font___list.html 175,1475 332,1501
rect $class_w_t___units.html 213,1525 293,1552
rect $class_w_t___unknown.html 200,1576 307,1603
rect $class_w_t___u_r_l___list.html 200,1627 307,1653
rect $class_w_t___user_data.html 200,1677 307,1704
