base referer
rect $class_w_t___item.html 524,1829 601,1856
rect $class_w_t___block_ref.html 792,1677 896,1704
rect $class_w_t___dash___pattern.html 779,1728 909,1755
rect $class_w_t___guid.html 804,2083 884,2109
rect $class_w_t___layer.html 803,1779 885,1805
rect $class_w_t___named___view.html 779,2133 909,2160
rect $class_w_t___object___node.html 780,1829 908,1856
rect $class_w_t___trusted___font___item.html 763,1880 925,1907
rect $class_w_t___u_r_l___item.html 788,1931 900,1957
rect $class_w_t___item___list.html 249,867 356,893
rect $class_w_t___block_ref___list.html 496,664 629,691
rect $class_w_t___dash___pattern___list.html 483,715 643,741
rect $class_w_t___directory.html 511,816 615,843
rect $class_w_t___guid___list.html 509,867 616,893
rect $class_w_t___layer___list.html 507,917 619,944
rect $class_w_t___named___view___list.html 484,968 641,995
rect $class_w_t___object___node___list.html 484,1019 641,1045
rect $class_w_t___trusted___font___list.html 484,1069 641,1096
rect $class_w_t___u_r_l___list.html 509,765 616,792
rect $class_w_t___object.html 257,1753 348,1780
rect $class_w_t___alignment.html 507,2589 619,2616
rect $class_w_t___attribute.html 512,1120 613,1147
rect $class_w_t___block___meaning.html 492,1323 633,1349
rect $class_w_t___compressed___data___moniker.html 455,1373 671,1400
rect $class_w_t___drawable.html 509,2437 616,2464
rect $class_w_t___d_w_f___header.html 496,1424 629,1451
rect $class_w_t___embed.html 516,1475 609,1501
rect $class_w_t___embedded___font.html 488,1525 637,1552
rect $class_w_t___encryption.html 505,1576 620,1603
rect $class_w_t___end___of___d_w_f.html 495,1627 631,1653
rect $class_w_t___file_time.html 512,1677 613,1704
rect $class_w_t___group___begin.html 497,1728 628,1755
rect $class_w_t___group___end.html 503,1779 623,1805
rect $class_w_t___informational.html 499,1981 627,2008
rect $class_w_t___object___stream.html 492,1880 633,1907
rect $class_w_t___option.html 517,3147 608,3173
rect $class_w_t___orientation.html 504,2083 621,2109
rect $class_w_t___origin.html 519,2133 607,2160
rect $class_w_t___password.html 508,2184 617,2211
rect $class_w_t___plot___info.html 511,2235 615,2261
rect $class_w_t___sign_data.html 509,2285 616,2312
rect $class_w_t___timestamp.html 504,2336 621,2363
rect $class_w_t___units.html 523,3375 603,3401
rect $class_w_t___unknown.html 509,2488 616,2515
rect $class_w_t___user_data.html 509,2539 616,2565
rect $class_w_t___attribute___u_r_l.html 776,1272 912,1299
rect $class_w_t___background.html 783,1323 905,1349
rect $class_w_t___code___page.html 784,1373 904,1400
rect $class_w_t___color.html 803,1424 885,1451
rect $class_w_t___color___map.html 787,1475 901,1501
rect $class_w_t___contrast___color.html 773,1525 915,1552
rect $class_w_t___delineate.html 791,1576 897,1603
rect $class_w_t___fill.html 809,1627 879,1653
rect $class_w_t___fill___pattern.html 784,5 904,32
rect $class_w_t___font.html 805,56 883,83
rect $class_w_t___font___extension.html 772,107 916,133
rect $class_w_t___inked___area.html 784,157 904,184
rect $class_w_t___line___pattern.html 781,208 907,235
rect $class_w_t___line___style.html 787,259 901,285
rect $class_w_t___line___weight.html 781,309 907,336
rect $class_w_t___macro___index.html 780,360 908,387
rect $class_w_t___macro___scale.html 780,411 908,437
rect $class_w_t___marker___size.html 781,461 907,488
rect $class_w_t___marker___symbol.html 772,512 916,539
rect $class_w_t___merge___control.html 775,563 913,589
rect $class_w_t___pen___pattern.html 781,613 907,640
rect $class_w_t___pen_pat___options.html 771,664 917,691
rect $class_w_t___plot___optimized.html 773,715 915,741
rect $class_w_t___projection.html 789,765 899,792
rect $class_w_t___text___background.html 767,816 921,843
rect $class_w_t___text___h_align.html 783,867 905,893
rect $class_w_t___text___v_align.html 784,917 904,944
rect $class_w_t___u_r_l.html 805,968 883,995
rect $class_w_t___user___fill___pattern.html 767,1019 921,1045
rect $class_w_t___user___hatch___pattern.html 759,1069 929,1096
rect $class_w_t___view.html 804,1120 884,1147
rect $class_w_t___viewport.html 793,1171 895,1197
rect $class_w_t___visibility.html 795,1221 893,1248
rect $class_w_t___contour___set.html 781,2488 907,2515
rect $class_w_t___ellipse.html 799,2285 889,2312
rect $class_w_t___gouraud___polyline.html 765,2235 923,2261
rect $class_w_t___gouraud___polytriangle.html 753,2184 935,2211
rect $class_w_t___image.html 800,2336 888,2363
rect $class_w_t___macro___draw.html 781,2741 907,2768
rect $class_w_t___p_n_g___group4___image.html 756,2387 932,2413
rect $class_w_t___polygon.html 795,2539 893,2565
rect $class_w_t___polyline.html 795,2589 893,2616
rect $class_w_t___polymarker.html 784,2640 904,2667
rect $class_w_t___polytriangle.html 784,2691 904,2717
rect $class_w_t___text.html 807,2437 881,2464
rect $class_w_t___filled___ellipse.html 1051,2260 1181,2287
rect $class_w_t___outline___ellipse.html 1045,2311 1187,2337
rect $class_w_t___macro___definition.html 768,2032 920,2059
rect $class_w_t___overpost.html 791,1981 897,2008
rect $class_w_t___font___option___charset.html 755,2843 933,2869
rect $class_w_t___font___option___family.html 757,2893 931,2920
rect $class_w_t___font___option___flags.html 761,2944 927,2971
rect $class_w_t___font___option___font___name.html 743,2995 945,3021
rect $class_w_t___font___option___height.html 759,3045 929,3072
rect $class_w_t___font___option___oblique.html 755,3096 933,3123
rect $class_w_t___font___option___pitch.html 763,3147 925,3173
rect $class_w_t___font___option___rotation.html 753,3197 935,3224
rect $class_w_t___font___option___spacing.html 753,3248 935,3275
rect $class_w_t___font___option___style.html 763,3299 925,3325
rect $class_w_t___font___option___width___scale.html 740,3349 948,3376
rect $class_w_t___pattern___scale.html 776,3400 912,3427
rect $class_w_t___text___option___bounds.html 756,3451 932,3477
rect $class_w_t___text___option___reserved.html 751,3501 937,3528
rect $class_w_t___text___option___scoring.html 756,2792 932,2819
rect $class_w_t___viewport___option___viewport___units.html 721,3552 967,3579
rect $class_w_t___text___option___overscore.html 1020,2767 1212,2793
rect $class_w_t___text___option___underscore.html 1017,2817 1215,2844
rect $class_w_t___point___set___data.html 7,2513 151,2540
rect $class_w_t___gouraud___point___set___data.html 201,2437 404,2464
rect $class_w_t___point___set.html 508,2640 617,2667
rect $class_w_t___gouraud___point___set.html 479,2387 647,2413
